
inputNUSART.elf:     file format elf32-avr


Disassembly of section .text:

00000000 <__vectors>:
	if(!(PIND & (1 << PD2)) == 1){
		return (1);
	}

	return 0;
}
   0:	0c 94 34 00 	jmp	0x68	; 0x68 <__ctors_end>
  UCSR0B = (1 << TXEN0) | (1 << RXEN0);
  UCSR0C = (1 << UCSZ01) | (1 << UCSZ00);   /* 8 data bits, 1 stop bit */
}


void transmitByte(uint8_t data) {
   4:	0c 94 49 00 	jmp	0x92	; 0x92 <__bad_interrupt>
   8:	0c 94 49 00 	jmp	0x92	; 0x92 <__bad_interrupt>
   c:	0c 94 49 00 	jmp	0x92	; 0x92 <__bad_interrupt>
  10:	0c 94 49 00 	jmp	0x92	; 0x92 <__bad_interrupt>
  14:	0c 94 49 00 	jmp	0x92	; 0x92 <__bad_interrupt>
  18:	0c 94 49 00 	jmp	0x92	; 0x92 <__bad_interrupt>
  1c:	0c 94 49 00 	jmp	0x92	; 0x92 <__bad_interrupt>
  20:	0c 94 49 00 	jmp	0x92	; 0x92 <__bad_interrupt>
  24:	0c 94 49 00 	jmp	0x92	; 0x92 <__bad_interrupt>
  28:	0c 94 49 00 	jmp	0x92	; 0x92 <__bad_interrupt>
  2c:	0c 94 49 00 	jmp	0x92	; 0x92 <__bad_interrupt>
  30:	0c 94 49 00 	jmp	0x92	; 0x92 <__bad_interrupt>
  34:	0c 94 49 00 	jmp	0x92	; 0x92 <__bad_interrupt>
  38:	0c 94 49 00 	jmp	0x92	; 0x92 <__bad_interrupt>
  3c:	0c 94 49 00 	jmp	0x92	; 0x92 <__bad_interrupt>
  40:	0c 94 49 00 	jmp	0x92	; 0x92 <__bad_interrupt>
  44:	0c 94 49 00 	jmp	0x92	; 0x92 <__bad_interrupt>
  48:	0c 94 49 00 	jmp	0x92	; 0x92 <__bad_interrupt>
  4c:	0c 94 49 00 	jmp	0x92	; 0x92 <__bad_interrupt>
  50:	0c 94 49 00 	jmp	0x92	; 0x92 <__bad_interrupt>
  54:	0c 94 49 00 	jmp	0x92	; 0x92 <__bad_interrupt>
  58:	0c 94 49 00 	jmp	0x92	; 0x92 <__bad_interrupt>
  5c:	0c 94 49 00 	jmp	0x92	; 0x92 <__bad_interrupt>
  60:	0c 94 49 00 	jmp	0x92	; 0x92 <__bad_interrupt>
  64:	0c 94 49 00 	jmp	0x92	; 0x92 <__bad_interrupt>

00000068 <__ctors_end>:
  68:	11 24       	eor	r1, r1
  6a:	1f be       	out	0x3f, r1	; 63
  6c:	cf ef       	ldi	r28, 0xFF	; 255
  6e:	d8 e0       	ldi	r29, 0x08	; 8
  70:	de bf       	out	0x3e, r29	; 62
  72:	cd bf       	out	0x3d, r28	; 61

00000074 <__do_copy_data>:
  74:	11 e0       	ldi	r17, 0x01	; 1
  76:	a0 e0       	ldi	r26, 0x00	; 0
  78:	b1 e0       	ldi	r27, 0x01	; 1
  7a:	e0 e4       	ldi	r30, 0x40	; 64
  7c:	f1 e0       	ldi	r31, 0x01	; 1
  7e:	02 c0       	rjmp	.+4      	; 0x84 <.do_copy_data_start>

00000080 <.do_copy_data_loop>:
  80:	05 90       	lpm	r0, Z+
  82:	0d 92       	st	X+, r0

00000084 <.do_copy_data_start>:
  84:	ac 32       	cpi	r26, 0x2C	; 44
  86:	b1 07       	cpc	r27, r17
  88:	d9 f7       	brne	.-10     	; 0x80 <.do_copy_data_loop>
  8a:	0e 94 55 00 	call	0xaa	; 0xaa <main>
  8e:	0c 94 9e 00 	jmp	0x13c	; 0x13c <_exit>

00000092 <__bad_interrupt>:
  92:	0c 94 00 00 	jmp	0	; 0x0 <__vectors>

00000096 <checkBounce>:
    milliseconds can be achieved.
 */
void
_delay_loop_2(uint16_t __count)
{
	__asm__ volatile (
  96:	80 e4       	ldi	r24, 0x40	; 64
  98:	9c e9       	ldi	r25, 0x9C	; 156
  9a:	01 97       	sbiw	r24, 0x01	; 1
  9c:	f1 f7       	brne	.-4      	; 0x9a <checkBounce+0x4>

#define DEBOUNCER_DEL 10
#define LED_ 0x3f

static inline uint8_t checkState(void){
	if(!(PIND & (1 << PD2)) == 1){
  9e:	89 b1       	in	r24, 0x09	; 9
  a0:	86 95       	lsr	r24
  a2:	86 95       	lsr	r24
  a4:	80 95       	com	r24
	if(checkState() == 1){
		return (1);
	}

	return 0;
}
  a6:	81 70       	andi	r24, 0x01	; 1
  a8:	08 95       	ret

000000aa <main>:


int main(void){
  aa:	0f 93       	push	r16
  ac:	1f 93       	push	r17
	DDRD &= ~(1 << PD2);
  ae:	52 98       	cbi	0x0a, 2	; 10
	PORTD |= (1 << PD2);
  b0:	5a 9a       	sbi	0x0b, 2	; 11

	LED_DDR = LED_;
  b2:	8f e3       	ldi	r24, 0x3F	; 63
  b4:	84 b9       	out	0x04, r24	; 4
	uint8_t buttonStatus = 1;

	initUSART();
  b6:	0e 94 7c 00 	call	0xf8	; 0xf8 <initUSART>
	printString("Initiating UART\r\n");
  ba:	80 e0       	ldi	r24, 0x00	; 0
  bc:	91 e0       	ldi	r25, 0x01	; 1
  be:	0e 94 8d 00 	call	0x11a	; 0x11a <printString>
  c2:	11 e0       	ldi	r17, 0x01	; 1
		if(checkState()){

			if((buttonStatus == 0) && checkBounce()){

				uint8_t mask = LED_PORT;
				LED_PORT ^= LED_;
  c4:	0f e3       	ldi	r16, 0x3F	; 63

#define DEBOUNCER_DEL 10
#define LED_ 0x3f

static inline uint8_t checkState(void){
	if(!(PIND & (1 << PD2)) == 1){
  c6:	4a 9b       	sbis	0x09, 2	; 9
  c8:	02 c0       	rjmp	.+4      	; 0xce <main+0x24>
  ca:	10 e0       	ldi	r17, 0x00	; 0
  cc:	fc cf       	rjmp	.-8      	; 0xc6 <main+0x1c>

	while(1){

		if(checkState()){

			if((buttonStatus == 0) && checkBounce()){
  ce:	11 23       	and	r17, r17
  d0:	d1 f7       	brne	.-12     	; 0xc6 <main+0x1c>
  d2:	0e 94 4b 00 	call	0x96	; 0x96 <checkBounce>
  d6:	88 23       	and	r24, r24
  d8:	b1 f3       	breq	.-20     	; 0xc6 <main+0x1c>

				uint8_t mask = LED_PORT;
  da:	95 b1       	in	r25, 0x05	; 5
				LED_PORT ^= LED_;
  dc:	85 b1       	in	r24, 0x05	; 5
  de:	80 27       	eor	r24, r16
  e0:	85 b9       	out	0x05, r24	; 5
				buttonStatus = 1;

				if(!mask){
  e2:	99 23       	and	r25, r25
  e4:	19 f4       	brne	.+6      	; 0xec <main+0x42>
					printString("LED is ON\r\n");
  e6:	82 e1       	ldi	r24, 0x12	; 18
  e8:	91 e0       	ldi	r25, 0x01	; 1
  ea:	02 c0       	rjmp	.+4      	; 0xf0 <main+0x46>
				}else{
					printString("LED is OFF\r\n");
  ec:	8e e1       	ldi	r24, 0x1E	; 30
  ee:	91 e0       	ldi	r25, 0x01	; 1
  f0:	0e 94 8d 00 	call	0x11a	; 0x11a <printString>
  f4:	11 e0       	ldi	r17, 0x01	; 1
  f6:	e7 cf       	rjmp	.-50     	; 0xc6 <main+0x1c>

000000f8 <initUSART>:
#include <avr/io.h>
#include "USART.h"
#include <util/setbaud.h>

void initUSART(void) {                                /* requires BAUD */
  UBRR0H = UBRRH_VALUE;                        /* defined in setbaud.h */
  f8:	10 92 c5 00 	sts	0x00C5, r1
  UBRR0L = UBRRL_VALUE;
  fc:	87 e6       	ldi	r24, 0x67	; 103
  fe:	80 93 c4 00 	sts	0x00C4, r24
#if USE_2X
  UCSR0A |= (1 << U2X0);
#else
  UCSR0A &= ~(1 << U2X0);
 102:	e0 ec       	ldi	r30, 0xC0	; 192
 104:	f0 e0       	ldi	r31, 0x00	; 0
 106:	80 81       	ld	r24, Z
 108:	8d 7f       	andi	r24, 0xFD	; 253
 10a:	80 83       	st	Z, r24
#endif
                                  /* Enable USART transmitter/receiver */
  UCSR0B = (1 << TXEN0) | (1 << RXEN0);
 10c:	88 e1       	ldi	r24, 0x18	; 24
 10e:	80 93 c1 00 	sts	0x00C1, r24
  UCSR0C = (1 << UCSZ01) | (1 << UCSZ00);   /* 8 data bits, 1 stop bit */
 112:	86 e0       	ldi	r24, 0x06	; 6
 114:	80 93 c2 00 	sts	0x00C2, r24
}
 118:	08 95       	ret

0000011a <printString>:
}


                       /* Here are a bunch of useful printing commands */

void printString(const char myString[]) {
 11a:	ac 01       	movw	r20, r24
 11c:	20 e0       	ldi	r18, 0x00	; 0
 11e:	07 c0       	rjmp	.+14     	; 0x12e <printString+0x14>
}


void transmitByte(uint8_t data) {
                                     /* Wait for empty transmit buffer */
  loop_until_bit_is_set(UCSR0A, UDRE0);
 120:	80 91 c0 00 	lds	r24, 0x00C0
 124:	85 ff       	sbrs	r24, 5
 126:	fc cf       	rjmp	.-8      	; 0x120 <printString+0x6>
  UDR0 = data;                                            /* send data */
 128:	e0 93 c6 00 	sts	0x00C6, r30

void printString(const char myString[]) {
  uint8_t i = 0;
  while (myString[i]) {
    transmitByte(myString[i]);
    i++;
 12c:	2f 5f       	subi	r18, 0xFF	; 255

                       /* Here are a bunch of useful printing commands */

void printString(const char myString[]) {
  uint8_t i = 0;
  while (myString[i]) {
 12e:	fa 01       	movw	r30, r20
 130:	e2 0f       	add	r30, r18
 132:	f1 1d       	adc	r31, r1
 134:	e0 81       	ld	r30, Z
 136:	ee 23       	and	r30, r30
 138:	99 f7       	brne	.-26     	; 0x120 <printString+0x6>
    transmitByte(myString[i]);
    i++;
  }
}
 13a:	08 95       	ret

0000013c <_exit>:
 13c:	f8 94       	cli

0000013e <__stop_program>:
 13e:	ff cf       	rjmp	.-2      	; 0x13e <__stop_program>
