Archive member included because of file (symbol)

c:/winavr-20100110/bin/../lib/gcc/avr/4.3.3/avr5\libgcc.a(_udivmodhi4.o)
                              ../../AVR-Programming-Library/USART.o (__udivmodhi4)
c:/winavr-20100110/bin/../lib/gcc/avr/4.3.3/avr5\libgcc.a(_exit.o)
                              c:/winavr-20100110/bin/../lib/gcc/avr/4.3.3/../../../../avr/lib/avr5/crtm328p.o (exit)
c:/winavr-20100110/bin/../lib/gcc/avr/4.3.3/avr5\libgcc.a(_copy_data.o)
                              inputNUSART.o (__do_copy_data)

Discarded input sections

 .data          0x00000000        0x0 c:/winavr-20100110/bin/../lib/gcc/avr/4.3.3/../../../../avr/lib/avr5/crtm328p.o
 .bss           0x00000000        0x0 c:/winavr-20100110/bin/../lib/gcc/avr/4.3.3/../../../../avr/lib/avr5/crtm328p.o
 .text          0x00000000        0x0 inputNUSART.o
 .bss           0x00000000        0x0 inputNUSART.o
 .text          0x00000000        0x0 ../../AVR-Programming-Library/USART.o
 .data          0x00000000        0x0 ../../AVR-Programming-Library/USART.o
 .bss           0x00000000        0x0 ../../AVR-Programming-Library/USART.o
 .text.transmitByte
                0x00000000        0x0 ../../AVR-Programming-Library/USART.o
 .text.receiveByte
                0x00000000        0x0 ../../AVR-Programming-Library/USART.o
 .text.readString
                0x00000000        0x0 ../../AVR-Programming-Library/USART.o
 .text.printByte
                0x00000000        0x0 ../../AVR-Programming-Library/USART.o
 .text.printWord
                0x00000000        0x0 ../../AVR-Programming-Library/USART.o
 .text.printBinaryByte
                0x00000000        0x0 ../../AVR-Programming-Library/USART.o
 .text.nibbleToHexCharacter
                0x00000000        0x0 ../../AVR-Programming-Library/USART.o
 .text.printHexByte
                0x00000000        0x0 ../../AVR-Programming-Library/USART.o
 .text.getNumber
                0x00000000        0x0 ../../AVR-Programming-Library/USART.o
 .text          0x00000000        0x0 c:/winavr-20100110/bin/../lib/gcc/avr/4.3.3/avr5\libgcc.a(_udivmodhi4.o)
 .data          0x00000000        0x0 c:/winavr-20100110/bin/../lib/gcc/avr/4.3.3/avr5\libgcc.a(_udivmodhi4.o)
 .bss           0x00000000        0x0 c:/winavr-20100110/bin/../lib/gcc/avr/4.3.3/avr5\libgcc.a(_udivmodhi4.o)
 .text.libgcc   0x00000000        0x0 c:/winavr-20100110/bin/../lib/gcc/avr/4.3.3/avr5\libgcc.a(_udivmodhi4.o)
 .text          0x00000000        0x0 c:/winavr-20100110/bin/../lib/gcc/avr/4.3.3/avr5\libgcc.a(_exit.o)
 .data          0x00000000        0x0 c:/winavr-20100110/bin/../lib/gcc/avr/4.3.3/avr5\libgcc.a(_exit.o)
 .bss           0x00000000        0x0 c:/winavr-20100110/bin/../lib/gcc/avr/4.3.3/avr5\libgcc.a(_exit.o)
 .text.libgcc   0x00000000        0x0 c:/winavr-20100110/bin/../lib/gcc/avr/4.3.3/avr5\libgcc.a(_exit.o)
 .text          0x00000000        0x0 c:/winavr-20100110/bin/../lib/gcc/avr/4.3.3/avr5\libgcc.a(_copy_data.o)
 .data          0x00000000        0x0 c:/winavr-20100110/bin/../lib/gcc/avr/4.3.3/avr5\libgcc.a(_copy_data.o)
 .bss           0x00000000        0x0 c:/winavr-20100110/bin/../lib/gcc/avr/4.3.3/avr5\libgcc.a(_copy_data.o)
 .text.libgcc   0x00000000        0x0 c:/winavr-20100110/bin/../lib/gcc/avr/4.3.3/avr5\libgcc.a(_copy_data.o)

Memory Configuration

Name             Origin             Length             Attributes
text             0x00000000         0x00020000         xr
data             0x00800060         0x0000ffa0         rw !x
eeprom           0x00810000         0x00010000         rw !x
fuse             0x00820000         0x00000400         rw !x
lock             0x00830000         0x00000400         rw !x
signature        0x00840000         0x00000400         rw !x
*default*        0x00000000         0xffffffff

Linker script and memory map

Address of section .data set to 0x800100
LOAD c:/winavr-20100110/bin/../lib/gcc/avr/4.3.3/../../../../avr/lib/avr5/crtm328p.o
LOAD inputNUSART.o
LOAD ../../AVR-Programming-Library/USART.o
LOAD c:/winavr-20100110/bin/../lib/gcc/avr/4.3.3/avr5\libgcc.a
LOAD c:/winavr-20100110/bin/../lib/gcc/avr/4.3.3/../../../../avr/lib/avr5\libc.a
LOAD c:/winavr-20100110/bin/../lib/gcc/avr/4.3.3/avr5\libgcc.a

.hash
 *(.hash)

.dynsym
 *(.dynsym)

.dynstr
 *(.dynstr)

.gnu.version
 *(.gnu.version)

.gnu.version_d
 *(.gnu.version_d)

.gnu.version_r
 *(.gnu.version_r)

.rel.init
 *(.rel.init)

.rela.init
 *(.rela.init)

.rel.text
 *(.rel.text)
 *(.rel.text.*)
 *(.rel.gnu.linkonce.t*)

.rela.text
 *(.rela.text)
 *(.rela.text.*)
 *(.rela.gnu.linkonce.t*)

.rel.fini
 *(.rel.fini)

.rela.fini
 *(.rela.fini)

.rel.rodata
 *(.rel.rodata)
 *(.rel.rodata.*)
 *(.rel.gnu.linkonce.r*)

.rela.rodata
 *(.rela.rodata)
 *(.rela.rodata.*)
 *(.rela.gnu.linkonce.r*)

.rel.data
 *(.rel.data)
 *(.rel.data.*)
 *(.rel.gnu.linkonce.d*)

.rela.data
 *(.rela.data)
 *(.rela.data.*)
 *(.rela.gnu.linkonce.d*)

.rel.ctors
 *(.rel.ctors)

.rela.ctors
 *(.rela.ctors)

.rel.dtors
 *(.rel.dtors)

.rela.dtors
 *(.rela.dtors)

.rel.got
 *(.rel.got)

.rela.got
 *(.rela.got)

.rel.bss
 *(.rel.bss)

.rela.bss
 *(.rela.bss)

.rel.plt
 *(.rel.plt)

.rela.plt
 *(.rela.plt)

.text           0x00000000      0x134
 *(.vectors)
 .vectors       0x00000000       0x68 c:/winavr-20100110/bin/../lib/gcc/avr/4.3.3/../../../../avr/lib/avr5/crtm328p.o
                0x00000000                __vectors
                0x00000000                __vector_default
 *(.vectors)
 *(.progmem.gcc*)
 *(.progmem*)
                0x00000068                . = ALIGN (0x2)
                0x00000068                __trampolines_start = .
 *(.trampolines)
 .trampolines   0x00000068        0x0 linker stubs
 *(.trampolines*)
                0x00000068                __trampolines_end = .
 *(.jumptables)
 *(.jumptables*)
 *(.lowtext)
 *(.lowtext*)
                0x00000068                __ctors_start = .
 *(.ctors)
                0x00000068                __ctors_end = .
                0x00000068                __dtors_start = .
 *(.dtors)
                0x00000068                __dtors_end = .
 SORT(*)(.ctors)
 SORT(*)(.dtors)
 *(.init0)
 .init0         0x00000068        0x0 c:/winavr-20100110/bin/../lib/gcc/avr/4.3.3/../../../../avr/lib/avr5/crtm328p.o
                0x00000068                __init
 *(.init0)
 *(.init1)
 *(.init1)
 *(.init2)
 .init2         0x00000068        0xc c:/winavr-20100110/bin/../lib/gcc/avr/4.3.3/../../../../avr/lib/avr5/crtm328p.o
 *(.init2)
 *(.init3)
 *(.init3)
 *(.init4)
 .init4         0x00000074       0x16 c:/winavr-20100110/bin/../lib/gcc/avr/4.3.3/avr5\libgcc.a(_copy_data.o)
                0x00000074                __do_copy_data
 *(.init4)
 *(.init5)
 *(.init5)
 *(.init6)
 *(.init6)
 *(.init7)
 *(.init7)
 *(.init8)
 *(.init8)
 *(.init9)
 .init9         0x0000008a        0x8 c:/winavr-20100110/bin/../lib/gcc/avr/4.3.3/../../../../avr/lib/avr5/crtm328p.o
 *(.init9)
 *(.text)
 .text          0x00000092        0x4 c:/winavr-20100110/bin/../lib/gcc/avr/4.3.3/../../../../avr/lib/avr5/crtm328p.o
                0x00000092                __vector_22
                0x00000092                __vector_1
                0x00000092                __vector_24
                0x00000092                __vector_12
                0x00000092                __bad_interrupt
                0x00000092                __vector_6
                0x00000092                __vector_3
                0x00000092                __vector_23
                0x00000092                __vector_25
                0x00000092                __vector_11
                0x00000092                __vector_13
                0x00000092                __vector_17
                0x00000092                __vector_19
                0x00000092                __vector_7
                0x00000092                __vector_5
                0x00000092                __vector_4
                0x00000092                __vector_9
                0x00000092                __vector_2
                0x00000092                __vector_21
                0x00000092                __vector_15
                0x00000092                __vector_8
                0x00000092                __vector_14
                0x00000092                __vector_10
                0x00000092                __vector_16
                0x00000092                __vector_18
                0x00000092                __vector_20
                0x00000096                . = ALIGN (0x2)
 *(.text.*)
 .text.main     0x00000096       0x56 inputNUSART.o
                0x00000096                main
 .text.initUSART
                0x000000ec       0x22 ../../AVR-Programming-Library/USART.o
                0x000000ec                initUSART
 .text.printString
                0x0000010e       0x22 ../../AVR-Programming-Library/USART.o
                0x0000010e                printString
                0x00000130                . = ALIGN (0x2)
 *(.fini9)
 .fini9         0x00000130        0x0 c:/winavr-20100110/bin/../lib/gcc/avr/4.3.3/avr5\libgcc.a(_exit.o)
                0x00000130                exit
                0x00000130                _exit
 *(.fini9)
 *(.fini8)
 *(.fini8)
 *(.fini7)
 *(.fini7)
 *(.fini6)
 *(.fini6)
 *(.fini5)
 *(.fini5)
 *(.fini4)
 *(.fini4)
 *(.fini3)
 *(.fini3)
 *(.fini2)
 *(.fini2)
 *(.fini1)
 *(.fini1)
 *(.fini0)
 .fini0         0x00000130        0x4 c:/winavr-20100110/bin/../lib/gcc/avr/4.3.3/avr5\libgcc.a(_exit.o)
 *(.fini0)
                0x00000134                _etext = .

.data           0x00800100       0x2c load address 0x00000134
                0x00800100                PROVIDE (__data_start, .)
 *(.data)
 .data          0x00800100       0x2b inputNUSART.o
 *(.data*)
 *(.rodata)
 *(.rodata*)
 *(.gnu.linkonce.d*)
                0x0080012c                . = ALIGN (0x2)
 *fill*         0x0080012b        0x1 00
                0x0080012c                _edata = .
                0x0080012c                PROVIDE (__data_end, .)

.bss            0x0080012c        0x0
                0x0080012c                PROVIDE (__bss_start, .)
 *(.bss)
 *(.bss*)
 *(COMMON)
                0x0080012c                PROVIDE (__bss_end, .)
                0x00000134                __data_load_start = LOADADDR (.data)
                0x00000160                __data_load_end = (__data_load_start + SIZEOF (.data))

.noinit         0x0080012c        0x0
                0x0080012c                PROVIDE (__noinit_start, .)
 *(.noinit*)
                0x0080012c                PROVIDE (__noinit_end, .)
                0x0080012c                _end = .
                0x0080012c                PROVIDE (__heap_start, .)

.eeprom         0x00810000        0x0
 *(.eeprom*)
                0x00810000                __eeprom_end = .

.fuse
 *(.fuse)
 *(.lfuse)
 *(.hfuse)
 *(.efuse)

.lock
 *(.lock*)

.signature
 *(.signature*)

.stab
 *(.stab)

.stabstr
 *(.stabstr)

.stab.excl
 *(.stab.excl)

.stab.exclstr
 *(.stab.exclstr)

.stab.index
 *(.stab.index)

.stab.indexstr
 *(.stab.indexstr)

.comment
 *(.comment)

.debug
 *(.debug)

.line
 *(.line)

.debug_srcinfo
 *(.debug_srcinfo)

.debug_sfnames
 *(.debug_sfnames)

.debug_aranges  0x00000000       0x90
 *(.debug_aranges)
 .debug_aranges
                0x00000000       0x20 inputNUSART.o
 .debug_aranges
                0x00000020       0x70 ../../AVR-Programming-Library/USART.o

.debug_pubnames
                0x00000000       0xe3
 *(.debug_pubnames)
 .debug_pubnames
                0x00000000       0x1b inputNUSART.o
 .debug_pubnames
                0x0000001b       0xc8 ../../AVR-Programming-Library/USART.o

.debug_info     0x00000000      0x601
 *(.debug_info)
 .debug_info    0x00000000      0x18d inputNUSART.o
 .debug_info    0x0000018d      0x474 ../../AVR-Programming-Library/USART.o
 *(.gnu.linkonce.wi.*)

.debug_abbrev   0x00000000      0x2a6
 *(.debug_abbrev)
 .debug_abbrev  0x00000000      0x103 inputNUSART.o
 .debug_abbrev  0x00000103      0x1a3 ../../AVR-Programming-Library/USART.o

.debug_line     0x00000000      0x614
 *(.debug_line)
 .debug_line    0x00000000      0x181 inputNUSART.o
 .debug_line    0x00000181      0x493 ../../AVR-Programming-Library/USART.o

.debug_frame    0x00000000       0xe0
 *(.debug_frame)
 .debug_frame   0x00000000       0x20 inputNUSART.o
 .debug_frame   0x00000020       0xc0 ../../AVR-Programming-Library/USART.o

.debug_str      0x00000000      0x204
 *(.debug_str)
 .debug_str     0x00000000      0x106 inputNUSART.o
                                0x13a (size before relaxing)
 .debug_str     0x00000106       0xfe ../../AVR-Programming-Library/USART.o
                                0x1c7 (size before relaxing)

.debug_loc      0x00000000      0x251
 *(.debug_loc)
 .debug_loc     0x00000000       0x49 inputNUSART.o
 .debug_loc     0x00000049      0x208 ../../AVR-Programming-Library/USART.o

.debug_macinfo
 *(.debug_macinfo)
OUTPUT(inputNUSART.elf elf32-avr)
LOAD linker stubs

.debug_ranges   0x00000000      0x218
 .debug_ranges  0x00000000       0x90 inputNUSART.o
 .debug_ranges  0x00000090      0x188 ../../AVR-Programming-Library/USART.o
