
test.elf:     file format elf32-avr


Disassembly of section .text:

00000000 <__vectors>:
    transmitByte(myString[i]);
    i++;
  }
}

void readString(char myString[], uint8_t maxLength) {
   0:	0c 94 34 00 	jmp	0x68	; 0x68 <__ctors_end>
   4:	0c 94 49 00 	jmp	0x92	; 0x92 <__bad_interrupt>
   8:	0c 94 49 00 	jmp	0x92	; 0x92 <__bad_interrupt>
   c:	0c 94 49 00 	jmp	0x92	; 0x92 <__bad_interrupt>
  10:	0c 94 49 00 	jmp	0x92	; 0x92 <__bad_interrupt>
  14:	0c 94 49 00 	jmp	0x92	; 0x92 <__bad_interrupt>
  18:	0c 94 49 00 	jmp	0x92	; 0x92 <__bad_interrupt>
  1c:	0c 94 49 00 	jmp	0x92	; 0x92 <__bad_interrupt>
  20:	0c 94 49 00 	jmp	0x92	; 0x92 <__bad_interrupt>
  24:	0c 94 49 00 	jmp	0x92	; 0x92 <__bad_interrupt>
  28:	0c 94 49 00 	jmp	0x92	; 0x92 <__bad_interrupt>
  2c:	0c 94 49 00 	jmp	0x92	; 0x92 <__bad_interrupt>
  30:	0c 94 49 00 	jmp	0x92	; 0x92 <__bad_interrupt>
  34:	0c 94 49 00 	jmp	0x92	; 0x92 <__bad_interrupt>
  38:	0c 94 49 00 	jmp	0x92	; 0x92 <__bad_interrupt>
  3c:	0c 94 49 00 	jmp	0x92	; 0x92 <__bad_interrupt>
  40:	0c 94 49 00 	jmp	0x92	; 0x92 <__bad_interrupt>
  44:	0c 94 49 00 	jmp	0x92	; 0x92 <__bad_interrupt>
  48:	0c 94 49 00 	jmp	0x92	; 0x92 <__bad_interrupt>
  4c:	0c 94 49 00 	jmp	0x92	; 0x92 <__bad_interrupt>
  50:	0c 94 49 00 	jmp	0x92	; 0x92 <__bad_interrupt>
  54:	0c 94 49 00 	jmp	0x92	; 0x92 <__bad_interrupt>
  58:	0c 94 49 00 	jmp	0x92	; 0x92 <__bad_interrupt>
  5c:	0c 94 49 00 	jmp	0x92	; 0x92 <__bad_interrupt>
  60:	0c 94 49 00 	jmp	0x92	; 0x92 <__bad_interrupt>
  64:	0c 94 49 00 	jmp	0x92	; 0x92 <__bad_interrupt>

00000068 <__ctors_end>:
  68:	11 24       	eor	r1, r1
  6a:	1f be       	out	0x3f, r1	; 63
  6c:	cf ef       	ldi	r28, 0xFF	; 255
  6e:	d8 e0       	ldi	r29, 0x08	; 8
  70:	de bf       	out	0x3e, r29	; 62
  72:	cd bf       	out	0x3d, r28	; 61

00000074 <__do_copy_data>:
  74:	11 e0       	ldi	r17, 0x01	; 1
  76:	a0 e0       	ldi	r26, 0x00	; 0
  78:	b1 e0       	ldi	r27, 0x01	; 1
  7a:	e0 e2       	ldi	r30, 0x20	; 32
  7c:	f1 e0       	ldi	r31, 0x01	; 1
  7e:	02 c0       	rjmp	.+4      	; 0x84 <.do_copy_data_start>

00000080 <.do_copy_data_loop>:
  80:	05 90       	lpm	r0, Z+
  82:	0d 92       	st	X+, r0

00000084 <.do_copy_data_start>:
  84:	ae 31       	cpi	r26, 0x1E	; 30
  86:	b1 07       	cpc	r27, r17
  88:	d9 f7       	brne	.-10     	; 0x80 <.do_copy_data_loop>
  8a:	0e 94 4b 00 	call	0x96	; 0x96 <main>
  8e:	0c 94 8e 00 	jmp	0x11c	; 0x11c <_exit>

00000092 <__bad_interrupt>:
  92:	0c 94 00 00 	jmp	0	; 0x0 <__vectors>

00000096 <main>:

   Other functionalitis can be added, based on user needs.
*/


int main(void){
  96:	1f 93       	push	r17
	char serialData;
	LED_DDR = 0x3f;
  98:	8f e3       	ldi	r24, 0x3F	; 63
  9a:	84 b9       	out	0x04, r24	; 4
	initUSART();
  9c:	0e 94 5d 00 	call	0xba	; 0xba <initUSART>
	printString("Welcome to AVR Programming.\r\n");
  a0:	80 e0       	ldi	r24, 0x00	; 0
  a2:	91 e0       	ldi	r25, 0x01	; 1
  a4:	0e 94 7d 00 	call	0xfa	; 0xfa <printString>

	while(1){
		serialData = receiveByte();
  a8:	0e 94 76 00 	call	0xec	; 0xec <receiveByte>
  ac:	18 2f       	mov	r17, r24
		transmitByte(serialData);
  ae:	0e 94 6e 00 	call	0xdc	; 0xdc <transmitByte>
		LED_PORT = (serialData >> 2);
  b2:	16 95       	lsr	r17
  b4:	16 95       	lsr	r17
  b6:	15 b9       	out	0x05, r17	; 5
  b8:	f7 cf       	rjmp	.-18     	; 0xa8 <main+0x12>

000000ba <initUSART>:
#include <avr/io.h>
#include "USART.h"
#include <util/setbaud.h>

void initUSART(void) {                                /* requires BAUD */
  UBRR0H = UBRRH_VALUE;                        /* defined in setbaud.h */
  ba:	10 92 c5 00 	sts	0x00C5, r1
  UBRR0L = UBRRL_VALUE;
  be:	87 e6       	ldi	r24, 0x67	; 103
  c0:	80 93 c4 00 	sts	0x00C4, r24
#if USE_2X
  UCSR0A |= (1 << U2X0);
#else
  UCSR0A &= ~(1 << U2X0);
  c4:	e0 ec       	ldi	r30, 0xC0	; 192
  c6:	f0 e0       	ldi	r31, 0x00	; 0
  c8:	80 81       	ld	r24, Z
  ca:	8d 7f       	andi	r24, 0xFD	; 253
  cc:	80 83       	st	Z, r24
#endif
                                  /* Enable USART transmitter/receiver */
  UCSR0B = (1 << TXEN0) | (1 << RXEN0);
  ce:	88 e1       	ldi	r24, 0x18	; 24
  d0:	80 93 c1 00 	sts	0x00C1, r24
  UCSR0C = (1 << UCSZ01) | (1 << UCSZ00);   /* 8 data bits, 1 stop bit */
  d4:	86 e0       	ldi	r24, 0x06	; 6
  d6:	80 93 c2 00 	sts	0x00C2, r24
}
  da:	08 95       	ret

000000dc <transmitByte>:


void transmitByte(uint8_t data) {
  dc:	98 2f       	mov	r25, r24
                                     /* Wait for empty transmit buffer */
  loop_until_bit_is_set(UCSR0A, UDRE0);
  de:	80 91 c0 00 	lds	r24, 0x00C0
  e2:	85 ff       	sbrs	r24, 5
  e4:	fc cf       	rjmp	.-8      	; 0xde <transmitByte+0x2>
  UDR0 = data;                                            /* send data */
  e6:	90 93 c6 00 	sts	0x00C6, r25
}
  ea:	08 95       	ret

000000ec <receiveByte>:

uint8_t receiveByte(void) {
  loop_until_bit_is_set(UCSR0A, RXC0);       /* Wait for incoming data */
  ec:	80 91 c0 00 	lds	r24, 0x00C0
  f0:	87 ff       	sbrs	r24, 7
  f2:	fc cf       	rjmp	.-8      	; 0xec <receiveByte>
  return UDR0;                                /* return register value */
  f4:	80 91 c6 00 	lds	r24, 0x00C6
}
  f8:	08 95       	ret

000000fa <printString>:


                       /* Here are a bunch of useful printing commands */

void printString(const char myString[]) {
  fa:	ac 01       	movw	r20, r24
  fc:	20 e0       	ldi	r18, 0x00	; 0
  fe:	07 c0       	rjmp	.+14     	; 0x10e <printString+0x14>
}


void transmitByte(uint8_t data) {
                                     /* Wait for empty transmit buffer */
  loop_until_bit_is_set(UCSR0A, UDRE0);
 100:	80 91 c0 00 	lds	r24, 0x00C0
 104:	85 ff       	sbrs	r24, 5
 106:	fc cf       	rjmp	.-8      	; 0x100 <printString+0x6>
  UDR0 = data;                                            /* send data */
 108:	e0 93 c6 00 	sts	0x00C6, r30

void printString(const char myString[]) {
  uint8_t i = 0;
  while (myString[i]) {
    transmitByte(myString[i]);
    i++;
 10c:	2f 5f       	subi	r18, 0xFF	; 255

                       /* Here are a bunch of useful printing commands */

void printString(const char myString[]) {
  uint8_t i = 0;
  while (myString[i]) {
 10e:	fa 01       	movw	r30, r20
 110:	e2 0f       	add	r30, r18
 112:	f1 1d       	adc	r31, r1
 114:	e0 81       	ld	r30, Z
 116:	ee 23       	and	r30, r30
 118:	99 f7       	brne	.-26     	; 0x100 <printString+0x6>
    transmitByte(myString[i]);
    i++;
  }
}
 11a:	08 95       	ret

0000011c <_exit>:
 11c:	f8 94       	cli

0000011e <__stop_program>:
 11e:	ff cf       	rjmp	.-2      	; 0x11e <__stop_program>
